2026-09-18 22:33:12,541 | INFO | src.logger_setup | Logging configured. level=INFO, log_file=C:\Users\abc\JN\Task_3\logs\service.log
2026-09-18 22:33:14,575 | INFO | src.feature_engineering | Loaded all fitted transformers and feature list.
2026-09-18 22:33:14,576 | INFO | src.predict | Loaded model from C:\Users\abc\JN\Task_3\models\final_model.joblib (version 1.0.0).
2026-09-18 22:33:14,576 | INFO | src.data_validation | Order passed basic validation.
2026-09-18 22:33:14,698 | INFO | src.predict | Prediction made | input={'total_price': 120.5, 'total_freight': 18.9, 'n_items': 1, 'total_payment_value': 139.4, 'n_payment_installments': 2, 'order_purchase_timestamp': '2018-05-10 14:23:00', 'customer_state': 'SP', 'payment_type': 'credit_card', 'product_category_name_english': 'housewares'} | output={'is_late': 0, 'late_probability': 0.358, 'model_version': '1.0.0', 'latency_ms': 121.6} | latency_ms=121.6
2026-09-18 22:33:14,699 | WARNING | src.data_validation | Missing fields in incoming order: ['total_freight', 'total_payment_value', 'n_payment_installments', 'payment_type', 'product_category_name_english']
2026-09-18 22:53:44,602 | INFO | src.logger_setup | Logging configured. level=INFO, log_file=C:\Users\abc\JN\Task_3\logs\service.log
2026-09-18 22:53:45,494 | INFO | src.feature_engineering | Loaded all fitted transformers and feature list.
2026-09-18 22:53:45,494 | INFO | src.predict | Loaded model from C:\Users\abc\JN\Task_3\models\final_model.joblib (version 1.0.0).
2026-09-18 22:53:45,495 | INFO | src.data_validation | Order passed basic validation.
2026-09-18 22:53:45,501 | INFO | great_expectations.data_context.types.base | Created temporary directory 'C:\Users\abc\AppData\Local\Temp\tmpid2tsldn' for ephemeral docs site
2026-09-18 22:53:45,503 | INFO | great_expectations.datasource.fluent.config | Loading 'datasources' ->
[]
2026-09-18 22:53:45,793 | INFO | src.ge_validation | Order passed Great Expectations validation.
2026-09-18 22:53:45,928 | INFO | src.predict | Prediction made | input={'total_price': 120.5, 'total_freight': 18.9, 'n_items': 1, 'total_payment_value': 139.4, 'n_payment_installments': 2, 'order_purchase_timestamp': '2018-05-10 14:23:00', 'customer_state': 'SP', 'payment_type': 'credit_card', 'product_category_name_english': 'housewares'} | output={'is_late': 0, 'late_probability': 0.358, 'model_version': '1.0.0', 'latency_ms': 433.65} | latency_ms=433.65
2026-09-18 22:56:54,275 | INFO | src.logger_setup | Logging configured. level=INFO, log_file=C:\Users\abc\JN\Task_3\logs\service.log
2026-09-18 22:56:54,882 | INFO | src.feature_engineering | Loaded all fitted transformers and feature list.
2026-09-18 22:56:54,882 | INFO | src.predict | Loaded model from C:\Users\abc\JN\Task_3\models\final_model.joblib (version 1.0.0).
2026-09-18 22:56:54,883 | INFO | src.data_validation | Order passed basic validation.
2026-09-18 22:56:54,888 | INFO | great_expectations.data_context.types.base | Created temporary directory 'C:\Users\abc\AppData\Local\Temp\tmph1oi5zwa' for ephemeral docs site
2026-09-18 22:56:54,889 | INFO | great_expectations.datasource.fluent.config | Loading 'datasources' ->
[]
2026-09-18 22:56:55,103 | INFO | src.ge_validation | Order passed Great Expectations validation.
2026-09-18 22:56:55,239 | INFO | src.predict | Prediction made | input={'total_price': 120.5, 'total_freight': 18.9, 'n_items': 1, 'total_payment_value': 139.4, 'n_payment_installments': 2, 'order_purchase_timestamp': '2018-05-10 14:23:00', 'customer_state': 'SP', 'payment_type': 'credit_card', 'product_category_name_english': 'housewares'} | output={'is_late': 0, 'late_probability': 0.358, 'model_version': '1.0.0', 'latency_ms': 356.4} | latency_ms=356.4
2026-09-18 22:56:55,240 | INFO | src.data_validation | Order passed basic validation.
2026-09-18 22:56:55,242 | INFO | great_expectations.data_context.types.base | Created temporary directory 'C:\Users\abc\AppData\Local\Temp\tmp_wsio3xt' for ephemeral docs site
2026-09-18 22:56:55,243 | INFO | great_expectations.datasource.fluent.config | Loading 'datasources' ->
[]
2026-09-18 22:56:55,453 | WARNING | src.ge_validation | Great Expectations validation failed: [{'expectation': 'ExpectColumnValuesToBeInSet', 'column': 'customer_state', 'result': {'element_count': 1, 'unexpected_count': 1, 'unexpected_percent': 100.0, 'partial_unexpected_list': ['ZZ'], 'missing_count': 0, 'missing_percent': 0.0, 'unexpected_percent_total': 100.0, 'unexpected_percent_nonmissing': 100.0, 'partial_unexpected_counts': [{'value': 'ZZ', 'count': 1}], 'partial_unexpected_index_list': [0]}}]
2026-09-18 22:56:55,454 | INFO | src.data_validation | Order passed basic validation.
2026-09-18 22:56:55,456 | INFO | great_expectations.data_context.types.base | Created temporary directory 'C:\Users\abc\AppData\Local\Temp\tmpo2qwz6xh' for ephemeral docs site
2026-09-18 22:56:55,457 | INFO | great_expectations.datasource.fluent.config | Loading 'datasources' ->
[]
2026-09-18 22:56:55,664 | WARNING | src.ge_validation | Great Expectations validation failed: [{'expectation': 'ExpectColumnValuesToBeBetween', 'column': 'n_payment_installments', 'result': {'element_count': 1, 'unexpected_count': 1, 'unexpected_percent': 100.0, 'partial_unexpected_list': [200], 'missing_count': 0, 'missing_percent': 0.0, 'unexpected_percent_total': 100.0, 'unexpected_percent_nonmissing': 100.0, 'partial_unexpected_counts': [{'value': 200, 'count': 1}], 'partial_unexpected_index_list': [0]}}]
2026-09-19 13:48:26,954 | INFO | src.logger_setup | Logging configured. level=INFO, log_file=C:\Users\abc\JN\Task_3\logs\service.log
2026-09-19 13:48:30,108 | INFO | src.feature_engineering | Loaded all fitted transformers and feature list.
2026-09-19 13:48:30,108 | INFO | src.predict | Loaded model 'late_delivery_model' (alias=staging) from MLflow registry.
2026-09-19 13:48:30,108 | INFO | src.data_validation | Order passed basic validation.
2026-09-19 13:48:30,114 | INFO | great_expectations.data_context.types.base | Created temporary directory 'C:\Users\abc\AppData\Local\Temp\tmprrtww2ap' for ephemeral docs site
2026-09-19 13:48:30,343 | INFO | src.ge_validation | Order passed Great Expectations validation.
2026-09-19 13:48:30,470 | INFO | src.predict | Prediction made | input={'total_price': 120.5, 'total_freight': 18.9, 'n_items': 1, 'total_payment_value': 139.4, 'n_payment_installments': 2, 'order_purchase_timestamp': '2018-05-10 14:23:00', 'customer_state': 'SP', 'payment_type': 'credit_card', 'product_category_name_english': 'housewares'} | output={'is_late': 0, 'late_probability': 0.358, 'model_version': '1.0.0', 'latency_ms': 362.01} | latency_ms=362.01
2026-09-19 13:57:42,378 | INFO | src.logger_setup | Logging configured. level=INFO, log_file=C:\Users\abc\JN\Task_3\logs\service.log
2026-09-19 13:57:45,615 | INFO | src.feature_engineering | Loaded all fitted transformers and feature list.
2026-09-19 13:57:45,616 | INFO | src.predict | Loaded model 'late_delivery_model' (alias=staging) from MLflow registry.
2026-09-19 13:57:45,616 | INFO | app.main | FastAPI service started and predictor is ready.
2026-09-19 13:59:10,455 | INFO | src.data_validation | Order passed basic validation.
2026-09-19 13:59:10,477 | INFO | great_expectations.data_context.types.base | Created temporary directory 'C:\Users\abc\AppData\Local\Temp\tmpjofwp_m7' for ephemeral docs site
2026-09-19 13:59:11,067 | INFO | src.ge_validation | Order passed Great Expectations validation.
2026-09-19 13:59:11,296 | INFO | src.predict | Prediction made | input={'total_price': 120.5, 'total_freight': 18.9, 'n_items': 1, 'total_payment_value': 139.4, 'n_payment_installments': 2, 'order_purchase_timestamp': '2018-05-10 14:23:00', 'customer_state': 'SP', 'payment_type': 'credit_card', 'product_category_name_english': 'housewares'} | output={'is_late': 0, 'late_probability': 0.358, 'model_version': '1.0.0', 'latency_ms': 840.63} | latency_ms=840.63
2026-09-20 21:33:15,159 | INFO | src.logger_setup | Logging configured. level=INFO, log_file=C:\Users\abc\JN\Task_3\logs\service.log
2026-09-20 21:33:20,809 | INFO | src.feature_engineering | Loaded all fitted transformers and feature list.
2026-09-20 21:33:20,809 | INFO | src.predict | Loaded model 'late_delivery_model' (alias=staging) from MLflow registry.
2026-09-20 21:33:20,809 | INFO | app.main | FastAPI service started and predictor is ready.
2026-09-20 21:33:21,212 | INFO | httpx | HTTP Request: GET http://testserver/health "HTTP/1.1 200 OK"
2026-09-20 21:33:21,228 | INFO | httpx | HTTP Request: GET http://testserver/model-info "HTTP/1.1 200 OK"
2026-09-20 21:33:21,241 | INFO | src.data_validation | Order passed basic validation.
2026-09-20 21:33:21,246 | INFO | great_expectations.data_context.types.base | Created temporary directory 'C:\Users\abc\AppData\Local\Temp\tmpubvd5tcl' for ephemeral docs site
2026-09-20 21:33:21,832 | INFO | src.ge_validation | Order passed Great Expectations validation.
2026-09-20 21:33:22,086 | INFO | src.predict | Prediction made | input={'total_price': 120.5, 'total_freight': 18.9, 'n_items': 1, 'total_payment_value': 139.4, 'n_payment_installments': 2, 'order_purchase_timestamp': '2018-05-10 14:23:00', 'customer_state': 'SP', 'payment_type': 'credit_card', 'product_category_name_english': 'housewares'} | output={'is_late': 0, 'late_probability': 0.358, 'model_version': '1.0.0', 'latency_ms': 845.6} | latency_ms=845.6
2026-09-20 21:33:22,091 | INFO | httpx | HTTP Request: POST http://testserver/predict "HTTP/1.1 200 OK"
2026-09-20 21:33:22,107 | INFO | httpx | HTTP Request: POST http://testserver/predict "HTTP/1.1 422 Unprocessable Entity"
2026-09-20 21:33:22,118 | INFO | src.data_validation | Order passed basic validation.
2026-09-20 21:33:22,120 | INFO | great_expectations.data_context.types.base | Created temporary directory 'C:\Users\abc\AppData\Local\Temp\tmpg2v5_ixx' for ephemeral docs site
2026-09-20 21:33:22,362 | WARNING | src.ge_validation | Great Expectations validation failed: [{'expectation': 'ExpectColumnValuesToBeInSet', 'column': 'customer_state', 'result': {'element_count': 1, 'unexpected_count': 1, 'unexpected_percent': 100.0, 'partial_unexpected_list': ['ZZ'], 'missing_count': 0, 'missing_percent': 0.0, 'unexpected_percent_total': 100.0, 'unexpected_percent_nonmissing': 100.0, 'partial_unexpected_counts': [{'value': 'ZZ', 'count': 1}], 'partial_unexpected_index_list': [0]}}]
2026-09-20 21:33:22,365 | INFO | httpx | HTTP Request: POST http://testserver/predict "HTTP/1.1 422 Unprocessable Entity"
2026-09-20 21:33:22,381 | INFO | src.data_validation | Order passed basic validation.
2026-09-20 21:33:22,382 | INFO | great_expectations.data_context.types.base | Created temporary directory 'C:\Users\abc\AppData\Local\Temp\tmpw81f1i5c' for ephemeral docs site
2026-09-20 21:33:22,788 | INFO | src.ge_validation | Order passed Great Expectations validation.
2026-09-20 21:33:23,035 | INFO | src.predict | Prediction made | input={'total_price': 120.5, 'total_freight': 18.9, 'n_items': 1, 'total_payment_value': 139.4, 'n_payment_installments': 2, 'order_purchase_timestamp': '2018-05-10 14:23:00', 'customer_state': 'SP', 'payment_type': 'credit_card', 'product_category_name_english': 'housewares'} | output={'is_late': 0, 'late_probability': 0.358, 'model_version': '1.0.0', 'latency_ms': 654.15} | latency_ms=654.15
2026-09-20 21:33:23,035 | INFO | src.data_validation | Order passed basic validation.
2026-09-20 21:33:23,038 | INFO | great_expectations.data_context.types.base | Created temporary directory 'C:\Users\abc\AppData\Local\Temp\tmpt7jjqe9g' for ephemeral docs site
2026-09-20 21:33:23,319 | INFO | src.ge_validation | Order passed Great Expectations validation.
2026-09-20 21:33:23,482 | INFO | src.predict | Prediction made | input={'total_price': 120.5, 'total_freight': 18.9, 'n_items': 1, 'total_payment_value': 139.4, 'n_payment_installments': 2, 'order_purchase_timestamp': '2018-05-10 14:23:00', 'customer_state': 'SP', 'payment_type': 'credit_card', 'product_category_name_english': 'housewares'} | output={'is_late': 0, 'late_probability': 0.358, 'model_version': '1.0.0', 'latency_ms': 447.05} | latency_ms=447.05
2026-09-20 21:33:23,487 | INFO | httpx | HTTP Request: POST http://testserver/predict-batch "HTTP/1.1 200 OK"
2026-09-20 21:33:23,494 | INFO | src.data_validation | Order passed basic validation.
2026-09-20 21:33:23,499 | WARNING | src.data_validation | Missing fields in incoming order: ['total_price']
2026-09-20 21:33:23,519 | INFO | great_expectations.data_context.types.base | Created temporary directory 'C:\Users\abc\AppData\Local\Temp\tmp07jvvfs0' for ephemeral docs site
2026-09-20 21:33:23,771 | INFO | src.ge_validation | Order passed Great Expectations validation.
2026-09-20 21:33:23,779 | INFO | great_expectations.data_context.types.base | Created temporary directory 'C:\Users\abc\AppData\Local\Temp\tmplblv6y34' for ephemeral docs site
2026-09-20 21:33:24,145 | WARNING | src.ge_validation | Great Expectations validation failed: [{'expectation': 'ExpectColumnValuesToBeInSet', 'column': 'customer_state', 'result': {'element_count': 1, 'unexpected_count': 1, 'unexpected_percent': 100.0, 'partial_unexpected_list': ['ZZ'], 'missing_count': 0, 'missing_percent': 0.0, 'unexpected_percent_total': 100.0, 'unexpected_percent_nonmissing': 100.0, 'partial_unexpected_counts': [{'value': 'ZZ', 'count': 1}], 'partial_unexpected_index_list': [0]}}]
2026-09-20 21:33:24,170 | INFO | great_expectations.data_context.types.base | Created temporary directory 'C:\Users\abc\AppData\Local\Temp\tmpt_o9e7_c' for ephemeral docs site
2026-09-20 21:33:24,492 | WARNING | src.ge_validation | Great Expectations validation failed: [{'expectation': 'ExpectColumnValuesToBeInSet', 'column': 'payment_type', 'result': {'element_count': 1, 'unexpected_count': 1, 'unexpected_percent': 100.0, 'partial_unexpected_list': ['bitcoin'], 'missing_count': 0, 'missing_percent': 0.0, 'unexpected_percent_total': 100.0, 'unexpected_percent_nonmissing': 100.0, 'partial_unexpected_counts': [{'value': 'bitcoin', 'count': 1}], 'partial_unexpected_index_list': [0]}}]
2026-09-20 21:33:24,500 | INFO | great_expectations.data_context.types.base | Created temporary directory 'C:\Users\abc\AppData\Local\Temp\tmp1914c9nv' for ephemeral docs site
2026-09-20 21:33:24,837 | WARNING | src.ge_validation | Great Expectations validation failed: [{'expectation': 'ExpectColumnValuesToBeBetween', 'column': 'n_payment_installments', 'result': {'element_count': 1, 'unexpected_count': 1, 'unexpected_percent': 100.0, 'partial_unexpected_list': [200], 'missing_count': 0, 'missing_percent': 0.0, 'unexpected_percent_total': 100.0, 'unexpected_percent_nonmissing': 100.0, 'partial_unexpected_counts': [{'value': 200, 'count': 1}], 'partial_unexpected_index_list': [0]}}]
2026-09-20 21:33:25,017 | INFO | src.feature_engineering | Loaded all fitted transformers and feature list.
2026-09-20 21:33:25,018 | INFO | src.predict | Loaded model 'late_delivery_model' (alias=staging) from MLflow registry.
2026-09-20 21:33:25,026 | INFO | src.data_validation | Order passed basic validation.
2026-09-20 21:33:25,028 | INFO | great_expectations.data_context.types.base | Created temporary directory 'C:\Users\abc\AppData\Local\Temp\tmpaxcd1fnp' for ephemeral docs site
2026-09-20 21:33:25,336 | INFO | src.ge_validation | Order passed Great Expectations validation.
2026-09-20 21:33:25,555 | INFO | src.predict | Prediction made | input={'total_price': 120.5, 'total_freight': 18.9, 'n_items': 1, 'total_payment_value': 139.4, 'n_payment_installments': 2, 'order_purchase_timestamp': '2018-05-10 14:23:00', 'customer_state': 'SP', 'payment_type': 'credit_card', 'product_category_name_english': 'housewares'} | output={'is_late': 0, 'late_probability': 0.358, 'model_version': '1.0.0', 'latency_ms': 529.74} | latency_ms=529.74
2026-09-20 21:33:25,563 | INFO | src.data_validation | Order passed basic validation.
2026-09-20 21:33:25,564 | INFO | great_expectations.data_context.types.base | Created temporary directory 'C:\Users\abc\AppData\Local\Temp\tmpbsntfot4' for ephemeral docs site
2026-09-20 21:33:25,800 | INFO | src.ge_validation | Order passed Great Expectations validation.
2026-09-20 21:33:25,956 | INFO | src.predict | Prediction made | input={'total_price': 120.5, 'total_freight': 18.9, 'n_items': 1, 'total_payment_value': 139.4, 'n_payment_installments': 2, 'order_purchase_timestamp': '2018-05-10 14:23:00', 'customer_state': 'SP', 'payment_type': 'credit_card', 'product_category_name_english': 'housewares'} | output={'is_late': 0, 'late_probability': 0.358, 'model_version': '1.0.0', 'latency_ms': 393.28} | latency_ms=393.28
2026-09-20 21:33:25,962 | INFO | src.data_validation | Order passed basic validation.
2026-09-20 21:33:25,964 | INFO | great_expectations.data_context.types.base | Created temporary directory 'C:\Users\abc\AppData\Local\Temp\tmp7f1c2skd' for ephemeral docs site
2026-09-20 21:33:26,217 | INFO | src.ge_validation | Order passed Great Expectations validation.
2026-09-20 21:33:26,382 | INFO | src.predict | Prediction made | input={'total_price': 120.5, 'total_freight': 18.9, 'n_items': 1, 'total_payment_value': 139.4, 'n_payment_installments': 2, 'order_purchase_timestamp': '2018-05-10 14:23:00', 'customer_state': 'SP', 'payment_type': 'credit_card', 'product_category_name_english': 'housewares'} | output={'is_late': 0, 'late_probability': 0.358, 'model_version': '1.0.0', 'latency_ms': 420.76} | latency_ms=420.76
2026-09-20 21:33:26,390 | WARNING | src.data_validation | Missing fields in incoming order: ['total_price']
2026-09-20 21:33:26,396 | INFO | src.data_validation | Order passed basic validation.
2026-09-20 21:33:26,398 | INFO | great_expectations.data_context.types.base | Created temporary directory 'C:\Users\abc\AppData\Local\Temp\tmpbmlyogl_' for ephemeral docs site
2026-09-20 21:33:26,644 | WARNING | src.ge_validation | Great Expectations validation failed: [{'expectation': 'ExpectColumnValuesToBeInSet', 'column': 'customer_state', 'result': {'element_count': 1, 'unexpected_count': 1, 'unexpected_percent': 100.0, 'partial_unexpected_list': ['ZZ'], 'missing_count': 0, 'missing_percent': 0.0, 'unexpected_percent_total': 100.0, 'unexpected_percent_nonmissing': 100.0, 'partial_unexpected_counts': [{'value': 'ZZ', 'count': 1}], 'partial_unexpected_index_list': [0]}}]
2026-09-21 23:38:48,674 | INFO | src.logger_setup | Logging configured. level=INFO, log_file=C:\Users\abc\JN\Task_3\logs\service.log
2026-09-21 23:39:12,721 | INFO | src.logger_setup | Logging configured. level=INFO, log_file=C:\Users\abc\JN\Task_3\logs\service.log
2026-09-21 23:39:30,194 | INFO | src.logger_setup | Logging configured. level=INFO, log_file=C:\Users\abc\JN\Task_3\logs\service.log
2026-09-21 23:42:08,103 | INFO | src.logger_setup | Logging configured. level=INFO, log_file=C:\Users\abc\JN\Task_3\logs\service.log
2026-09-21 23:42:39,790 | INFO | src.logger_setup | Logging configured. level=INFO, log_file=C:\Users\abc\JN\Task_3\logs\service.log
2026-09-21 23:44:28,119 | INFO | src.logger_setup | Logging configured. level=INFO, log_file=C:\Users\abc\JN\Task_3\logs\service.log
2026-09-21 23:44:30,715 | INFO | src.feature_engineering | Loaded all fitted transformers and feature list.
2026-09-21 23:44:30,716 | INFO | src.predict | Loaded model 'late_delivery_model' (alias=staging) from MLflow registry.
2026-09-21 23:44:30,716 | INFO | app.main | FastAPI service started and predictor is ready.
2026-09-21 23:44:30,828 | INFO | httpx | HTTP Request: GET http://testserver/health "HTTP/1.1 200 OK"
2026-09-21 23:44:30,846 | INFO | httpx | HTTP Request: GET http://testserver/model-info "HTTP/1.1 200 OK"
2026-09-21 23:44:30,859 | INFO | src.data_validation | Order passed basic validation.
2026-09-21 23:44:30,868 | INFO | great_expectations.data_context.types.base | Created temporary directory 'C:\Users\abc\AppData\Local\Temp\tmp_yh_uvq2' for ephemeral docs site
2026-09-21 23:44:31,232 | INFO | src.ge_validation | Order passed Great Expectations validation.
2026-09-21 23:44:31,480 | INFO | src.predict | Prediction made | input={'total_price': 120.5, 'total_freight': 18.9, 'n_items': 1, 'total_payment_value': 139.4, 'n_payment_installments': 2, 'order_purchase_timestamp': '2018-05-10 14:23:00', 'customer_state': 'SP', 'payment_type': 'credit_card', 'product_category_name_english': 'housewares'} | output={'is_late': 0, 'late_probability': 0.358, 'model_version': '1.0.0', 'latency_ms': 620.73} | latency_ms=620.73
2026-09-21 23:44:31,486 | INFO | httpx | HTTP Request: POST http://testserver/predict "HTTP/1.1 200 OK"
2026-09-21 23:44:31,505 | INFO | httpx | HTTP Request: POST http://testserver/predict "HTTP/1.1 422 Unprocessable Entity"
2026-09-21 23:44:31,520 | INFO | src.data_validation | Order passed basic validation.
2026-09-21 23:44:31,523 | INFO | great_expectations.data_context.types.base | Created temporary directory 'C:\Users\abc\AppData\Local\Temp\tmp5cd8wedz' for ephemeral docs site
2026-09-21 23:44:31,821 | WARNING | src.ge_validation | Great Expectations validation failed: [{'expectation': 'ExpectColumnValuesToBeInSet', 'column': 'customer_state', 'result': {'element_count': 1, 'unexpected_count': 1, 'unexpected_percent': 100.0, 'partial_unexpected_list': ['ZZ'], 'missing_count': 0, 'missing_percent': 0.0, 'unexpected_percent_total': 100.0, 'unexpected_percent_nonmissing': 100.0, 'partial_unexpected_counts': [{'value': 'ZZ', 'count': 1}], 'partial_unexpected_index_list': [0]}}]
2026-09-21 23:44:31,824 | INFO | httpx | HTTP Request: POST http://testserver/predict "HTTP/1.1 422 Unprocessable Entity"
2026-09-21 23:44:31,836 | INFO | src.data_validation | Order passed basic validation.
2026-09-21 23:44:31,839 | INFO | great_expectations.data_context.types.base | Created temporary directory 'C:\Users\abc\AppData\Local\Temp\tmp0t07a8qs' for ephemeral docs site
2026-09-21 23:44:32,086 | INFO | src.ge_validation | Order passed Great Expectations validation.
2026-09-21 23:44:32,253 | INFO | src.predict | Prediction made | input={'total_price': 120.5, 'total_freight': 18.9, 'n_items': 1, 'total_payment_value': 139.4, 'n_payment_installments': 2, 'order_purchase_timestamp': '2018-05-10 14:23:00', 'customer_state': 'SP', 'payment_type': 'credit_card', 'product_category_name_english': 'housewares'} | output={'is_late': 0, 'late_probability': 0.358, 'model_version': '1.0.0', 'latency_ms': 416.74} | latency_ms=416.74
2026-09-21 23:44:32,253 | INFO | src.data_validation | Order passed basic validation.
2026-09-21 23:44:32,255 | INFO | great_expectations.data_context.types.base | Created temporary directory 'C:\Users\abc\AppData\Local\Temp\tmp3yfja7_t' for ephemeral docs site
2026-09-21 23:44:32,480 | INFO | src.ge_validation | Order passed Great Expectations validation.
2026-09-21 23:44:32,639 | INFO | src.predict | Prediction made | input={'total_price': 120.5, 'total_freight': 18.9, 'n_items': 1, 'total_payment_value': 139.4, 'n_payment_installments': 2, 'order_purchase_timestamp': '2018-05-10 14:23:00', 'customer_state': 'SP', 'payment_type': 'credit_card', 'product_category_name_english': 'housewares'} | output={'is_late': 0, 'late_probability': 0.358, 'model_version': '1.0.0', 'latency_ms': 385.93} | latency_ms=385.93
2026-09-21 23:44:32,643 | INFO | httpx | HTTP Request: POST http://testserver/predict-batch "HTTP/1.1 200 OK"
2026-09-21 23:44:32,650 | INFO | src.data_validation | Order passed basic validation.
2026-09-21 23:44:32,655 | WARNING | src.data_validation | Missing fields in incoming order: ['total_price']
2026-09-21 23:44:32,677 | INFO | great_expectations.data_context.types.base | Created temporary directory 'C:\Users\abc\AppData\Local\Temp\tmpsrxbuw3s' for ephemeral docs site
2026-09-21 23:44:32,915 | INFO | src.ge_validation | Order passed Great Expectations validation.
2026-09-21 23:44:32,923 | INFO | great_expectations.data_context.types.base | Created temporary directory 'C:\Users\abc\AppData\Local\Temp\tmp1ppainjz' for ephemeral docs site
2026-09-21 23:44:33,155 | WARNING | src.ge_validation | Great Expectations validation failed: [{'expectation': 'ExpectColumnValuesToBeInSet', 'column': 'customer_state', 'result': {'element_count': 1, 'unexpected_count': 1, 'unexpected_percent': 100.0, 'partial_unexpected_list': ['ZZ'], 'missing_count': 0, 'missing_percent': 0.0, 'unexpected_percent_total': 100.0, 'unexpected_percent_nonmissing': 100.0, 'partial_unexpected_counts': [{'value': 'ZZ', 'count': 1}], 'partial_unexpected_index_list': [0]}}]
2026-09-21 23:44:33,170 | INFO | great_expectations.data_context.types.base | Created temporary directory 'C:\Users\abc\AppData\Local\Temp\tmp5xrwycxw' for ephemeral docs site
2026-09-21 23:44:33,414 | WARNING | src.ge_validation | Great Expectations validation failed: [{'expectation': 'ExpectColumnValuesToBeInSet', 'column': 'payment_type', 'result': {'element_count': 1, 'unexpected_count': 1, 'unexpected_percent': 100.0, 'partial_unexpected_list': ['bitcoin'], 'missing_count': 0, 'missing_percent': 0.0, 'unexpected_percent_total': 100.0, 'unexpected_percent_nonmissing': 100.0, 'partial_unexpected_counts': [{'value': 'bitcoin', 'count': 1}], 'partial_unexpected_index_list': [0]}}]
2026-09-21 23:44:33,421 | INFO | great_expectations.data_context.types.base | Created temporary directory 'C:\Users\abc\AppData\Local\Temp\tmp0lsg6s2m' for ephemeral docs site
2026-09-21 23:44:33,666 | WARNING | src.ge_validation | Great Expectations validation failed: [{'expectation': 'ExpectColumnValuesToBeBetween', 'column': 'n_payment_installments', 'result': {'element_count': 1, 'unexpected_count': 1, 'unexpected_percent': 100.0, 'partial_unexpected_list': [200], 'missing_count': 0, 'missing_percent': 0.0, 'unexpected_percent_total': 100.0, 'unexpected_percent_nonmissing': 100.0, 'partial_unexpected_counts': [{'value': 200, 'count': 1}], 'partial_unexpected_index_list': [0]}}]
2026-09-21 23:44:33,849 | INFO | src.feature_engineering | Loaded all fitted transformers and feature list.
2026-09-21 23:44:33,849 | INFO | src.predict | Loaded model 'late_delivery_model' (alias=staging) from MLflow registry.
2026-09-21 23:44:33,856 | INFO | src.data_validation | Order passed basic validation.
2026-09-21 23:44:33,859 | INFO | great_expectations.data_context.types.base | Created temporary directory 'C:\Users\abc\AppData\Local\Temp\tmp49_n5xl7' for ephemeral docs site
2026-09-21 23:44:34,106 | INFO | src.ge_validation | Order passed Great Expectations validation.
2026-09-21 23:44:34,267 | INFO | src.predict | Prediction made | input={'total_price': 120.5, 'total_freight': 18.9, 'n_items': 1, 'total_payment_value': 139.4, 'n_payment_installments': 2, 'order_purchase_timestamp': '2018-05-10 14:23:00', 'customer_state': 'SP', 'payment_type': 'credit_card', 'product_category_name_english': 'housewares'} | output={'is_late': 0, 'late_probability': 0.358, 'model_version': '1.0.0', 'latency_ms': 411.5} | latency_ms=411.5
2026-09-21 23:44:34,273 | INFO | src.data_validation | Order passed basic validation.
2026-09-21 23:44:34,277 | INFO | great_expectations.data_context.types.base | Created temporary directory 'C:\Users\abc\AppData\Local\Temp\tmpixjyo8a6' for ephemeral docs site
2026-09-21 23:44:34,548 | INFO | src.ge_validation | Order passed Great Expectations validation.
2026-09-21 23:44:34,708 | INFO | src.predict | Prediction made | input={'total_price': 120.5, 'total_freight': 18.9, 'n_items': 1, 'total_payment_value': 139.4, 'n_payment_installments': 2, 'order_purchase_timestamp': '2018-05-10 14:23:00', 'customer_state': 'SP', 'payment_type': 'credit_card', 'product_category_name_english': 'housewares'} | output={'is_late': 0, 'late_probability': 0.358, 'model_version': '1.0.0', 'latency_ms': 434.02} | latency_ms=434.02
2026-09-21 23:44:34,716 | INFO | src.data_validation | Order passed basic validation.
2026-09-21 23:44:34,718 | INFO | great_expectations.data_context.types.base | Created temporary directory 'C:\Users\abc\AppData\Local\Temp\tmpncc4z31r' for ephemeral docs site
2026-09-21 23:44:34,989 | INFO | src.ge_validation | Order passed Great Expectations validation.
2026-09-21 23:44:35,159 | INFO | src.predict | Prediction made | input={'total_price': 120.5, 'total_freight': 18.9, 'n_items': 1, 'total_payment_value': 139.4, 'n_payment_installments': 2, 'order_purchase_timestamp': '2018-05-10 14:23:00', 'customer_state': 'SP', 'payment_type': 'credit_card', 'product_category_name_english': 'housewares'} | output={'is_late': 0, 'late_probability': 0.358, 'model_version': '1.0.0', 'latency_ms': 443.2} | latency_ms=443.2
2026-09-21 23:44:35,165 | WARNING | src.data_validation | Missing fields in incoming order: ['total_price']
2026-09-21 23:44:35,170 | INFO | src.data_validation | Order passed basic validation.
2026-09-21 23:44:35,172 | INFO | great_expectations.data_context.types.base | Created temporary directory 'C:\Users\abc\AppData\Local\Temp\tmp_p7gd9ua' for ephemeral docs site
2026-09-21 23:44:35,413 | WARNING | src.ge_validation | Great Expectations validation failed: [{'expectation': 'ExpectColumnValuesToBeInSet', 'column': 'customer_state', 'result': {'element_count': 1, 'unexpected_count': 1, 'unexpected_percent': 100.0, 'partial_unexpected_list': ['ZZ'], 'missing_count': 0, 'missing_percent': 0.0, 'unexpected_percent_total': 100.0, 'unexpected_percent_nonmissing': 100.0, 'partial_unexpected_counts': [{'value': 'ZZ', 'count': 1}], 'partial_unexpected_index_list': [0]}}]
